[    2176ms] [INFO] %cDownload the React DevTools for a better development experience: https://react.dev/link/react-devtools font-weight:bold @ http://localhost:3099/_next/static/chunks/0zf6_next_dist_0ugq3ls._.js:2431
[    2495ms] [LOG] [HMR] connected @ http://localhost:3099/_next/static/chunks/0zf6_next_dist_0ugq3ls._.js:2431
[    3469ms] [WARNING] Image with src "/images/hero-mithai-box.jpg" was detected as the Largest Contentful Paint (LCP). Please add the `loading="eager"` property if this image is above the fold.
Read more: https://nextjs.org/docs/app/api-reference/components/image#loading @ http://localhost:3099/_next/static/chunks/0zf6_next_dist_0ugq3ls._.js:2431
[  586821ms] [LOG] [Fast Refresh] rebuilding @ http://localhost:3099/_next/static/chunks/0zf6_next_dist_0ugq3ls._.js:2431
[  586921ms] [LOG] [Fast Refresh] done in 172ms @ http://localhost:3099/_next/static/chunks/0zf6_next_dist_0ugq3ls._.js:2431
[  603182ms] [LOG] [Fast Refresh] rebuilding @ http://localhost:3099/_next/static/chunks/0zf6_next_dist_0ugq3ls._.js:2431
[  603205ms] [LOG] [Fast Refresh] done in 99ms @ http://localhost:3099/_next/static/chunks/0zf6_next_dist_0ugq3ls._.js:2431
[  635264ms] [LOG] [Fast Refresh] rebuilding @ http://localhost:3099/_next/static/chunks/0zf6_next_dist_0ugq3ls._.js:2431
[  635376ms] [LOG] [Fast Refresh] done in 183ms @ http://localhost:3099/_next/static/chunks/0zf6_next_dist_0ugq3ls._.js:2431
[ 1591226ms] [LOG] [Fast Refresh] rebuilding @ http://localhost:3099/_next/static/chunks/0zf6_next_dist_0ugq3ls._.js:2431
[ 1591986ms] [WARNING] [Fast Refresh] performing full reload

Fast Refresh will perform a full reload when you edit a file that's imported by modules outside of the React rendering tree.
You might have a file which exports a React component but also exports a value that is imported by a non-React component file.
Consider migrating the non-React component export to a separate file and importing it into both files.

It is also possible the parent component of the component you edited is a class component, which disables Fast Refresh.
Fast Refresh requires at least one parent function component in your React tree. @ http://localhost:3099/_next/static/chunks/0zf6_next_dist_0ugq3ls._.js:2431
[ 1592046ms] [LOG] [Fast Refresh] done in 862ms @ http://localhost:3099/_next/static/chunks/0zf6_next_dist_0ugq3ls._.js:2431
[ 1592164ms] [LOG] [Fast Refresh] rebuilding @ http://localhost:3099/_next/static/chunks/0zf6_next_dist_0ugq3ls._.js:2431
[ 1592254ms] [LOG] [Fast Refresh] done in 191ms @ http://localhost:3099/_next/static/chunks/0zf6_next_dist_0ugq3ls._.js:2431
[ 1592715ms] [INFO] %cDownload the React DevTools for a better development experience: https://react.dev/link/react-devtools font-weight:bold @ http://localhost:3099/_next/static/chunks/0zf6_next_dist_0ugq3ls._.js:2431
[ 1592745ms] [LOG] [HMR] connected @ http://localhost:3099/_next/static/chunks/0zf6_next_dist_0ugq3ls._.js:2431
[ 1592778ms] [WARNING] Image with src "/images/hero-mithai-box.jpg" was detected as the Largest Contentful Paint (LCP). Please add the `loading="eager"` property if this image is above the fold.
Read more: https://nextjs.org/docs/app/api-reference/components/image#loading @ http://localhost:3099/_next/static/chunks/0zf6_next_dist_0ugq3ls._.js:2431
[ 1665881ms] [LOG] [Fast Refresh] rebuilding @ http://localhost:3099/_next/static/chunks/0zf6_next_dist_0ugq3ls._.js:2431
[ 1665940ms] [LOG] [Fast Refresh] done in 80ms @ http://localhost:3099/_next/static/chunks/0zf6_next_dist_0ugq3ls._.js:2431
[ 1666047ms] [LOG] [Fast Refresh] rebuilding @ http://localhost:3099/_next/static/chunks/0zf6_next_dist_0ugq3ls._.js:2431
[ 1666079ms] [LOG] [Fast Refresh] done in 132ms @ http://localhost:3099/_next/static/chunks/0zf6_next_dist_0ugq3ls._.js:2431
[ 1709563ms] [LOG] [Fast Refresh] rebuilding @ http://localhost:3099/_next/static/chunks/0zf6_next_dist_0ugq3ls._.js:2431
[ 1709595ms] [LOG] [Fast Refresh] done in 52ms @ http://localhost:3099/_next/static/chunks/0zf6_next_dist_0ugq3ls._.js:2431
[ 1720106ms] [LOG] [Fast Refresh] rebuilding @ http://localhost:3099/_next/static/chunks/0zf6_next_dist_0ugq3ls._.js:2431
[ 1720133ms] [LOG] [Fast Refresh] done in 27ms @ http://localhost:3099/_next/static/chunks/0zf6_next_dist_0ugq3ls._.js:2431
[ 1992312ms] [LOG] [Fast Refresh] rebuilding @ http://localhost:3099/_next/static/chunks/0zf6_next_dist_0ugq3ls._.js:2431
[ 1992469ms] [LOG] [Fast Refresh] done in 183ms @ http://localhost:3099/_next/static/chunks/0zf6_next_dist_0ugq3ls._.js:2431
[ 1992597ms] [LOG] [Fast Refresh] rebuilding @ http://localhost:3099/_next/static/chunks/0zf6_next_dist_0ugq3ls._.js:2431
[ 1992685ms] [LOG] [Fast Refresh] done in 190ms @ http://localhost:3099/_next/static/chunks/0zf6_next_dist_0ugq3ls._.js:2431
[ 1992852ms] [LOG] [Fast Refresh] rebuilding @ http://localhost:3099/_next/static/chunks/0zf6_next_dist_0ugq3ls._.js:2431
[ 1992858ms] [LOG] [Fast Refresh] done in 109ms @ http://localhost:3099/_next/static/chunks/0zf6_next_dist_0ugq3ls._.js:2431
[ 1992997ms] [INFO] %cDownload the React DevTools for a better development experience: https://react.dev/link/react-devtools font-weight:bold @ http://localhost:3099/_next/static/chunks/0zf6_next_dist_0ugq3ls._.js:2431
[ 1993018ms] [LOG] [HMR] connected @ http://localhost:3099/_next/static/chunks/0zf6_next_dist_0ugq3ls._.js:2431
[ 1993081ms] [WARNING] Image with src "/images/hero-mithai-box.jpg" was detected as the Largest Contentful Paint (LCP). Please add the `loading="eager"` property if this image is above the fold.
Read more: https://nextjs.org/docs/app/api-reference/components/image#loading @ http://localhost:3099/_next/static/chunks/0zf6_next_dist_0ugq3ls._.js:2431
[ 2161366ms] [ERROR] WebSocket connection to 'ws://localhost:3099/_next/webpack-hmr?id=AsNomMQNvEsLRM3X8P8lj' failed: Connection closed before receiving a handshake response @ http://localhost:3099/_next/static/chunks/0zf6_next_dist_client_0.nsb.-._.js:13299
[ 2162370ms] [ERROR] WebSocket connection to 'ws://localhost:3099/_next/webpack-hmr?id=AsNomMQNvEsLRM3X8P8lj' failed: Error in connection establishment: net::ERR_CONNECTION_REFUSED @ http://localhost:3099/_next/static/chunks/0zf6_next_dist_client_0.nsb.-._.js:13299
[ 2163373ms] [ERROR] WebSocket connection to 'ws://localhost:3099/_next/webpack-hmr?id=AsNomMQNvEsLRM3X8P8lj' failed: Error in connection establishment: net::ERR_CONNECTION_REFUSED @ http://localhost:3099/_next/static/chunks/0zf6_next_dist_client_0.nsb.-._.js:13299
[ 2164374ms] [ERROR] WebSocket connection to 'ws://localhost:3099/_next/webpack-hmr?id=AsNomMQNvEsLRM3X8P8lj' failed: Error in connection establishment: net::ERR_CONNECTION_REFUSED @ http://localhost:3099/_next/static/chunks/0zf6_next_dist_client_0.nsb.-._.js:13299
[ 2165377ms] [ERROR] WebSocket connection to 'ws://localhost:3099/_next/webpack-hmr?id=AsNomMQNvEsLRM3X8P8lj' failed: Error in connection establishment: net::ERR_CONNECTION_REFUSED @ http://localhost:3099/_next/static/chunks/0zf6_next_dist_client_0.nsb.-._.js:13299
[ 2170379ms] [ERROR] WebSocket connection to 'ws://localhost:3099/_next/webpack-hmr?id=AsNomMQNvEsLRM3X8P8lj' failed: Error in connection establishment: net::ERR_CONNECTION_REFUSED @ http://localhost:3099/_next/static/chunks/0zf6_next_dist_client_0.nsb.-._.js:13299
[ 2175388ms] [ERROR] WebSocket connection to 'ws://localhost:3099/_next/webpack-hmr?id=AsNomMQNvEsLRM3X8P8lj' failed: Error in connection establishment: net::ERR_CONNECTION_REFUSED @ http://localhost:3099/_next/static/chunks/0zf6_next_dist_client_0.nsb.-._.js:13299
[ 2180397ms] [ERROR] WebSocket connection to 'ws://localhost:3099/_next/webpack-hmr?id=AsNomMQNvEsLRM3X8P8lj' failed: Error in connection establishment: net::ERR_CONNECTION_REFUSED @ http://localhost:3099/_next/static/chunks/0zf6_next_dist_client_0.nsb.-._.js:13299
[ 2185407ms] [ERROR] WebSocket connection to 'ws://localhost:3099/_next/webpack-hmr?id=AsNomMQNvEsLRM3X8P8lj' failed: Error in connection establishment: net::ERR_CONNECTION_REFUSED @ http://localhost:3099/_next/static/chunks/0zf6_next_dist_client_0.nsb.-._.js:13299
[ 2190413ms] [ERROR] WebSocket connection to 'ws://localhost:3099/_next/webpack-hmr?id=AsNomMQNvEsLRM3X8P8lj' failed: Error in connection establishment: net::ERR_CONNECTION_REFUSED @ http://localhost:3099/_next/static/chunks/0zf6_next_dist_client_0.nsb.-._.js:13299
[ 2195424ms] [ERROR] WebSocket connection to 'ws://localhost:3099/_next/webpack-hmr?id=AsNomMQNvEsLRM3X8P8lj' failed: Error in connection establishment: net::ERR_CONNECTION_REFUSED @ http://localhost:3099/_next/static/chunks/0zf6_next_dist_client_0.nsb.-._.js:13299
[ 2200434ms] [ERROR] WebSocket connection to 'ws://localhost:3099/_next/webpack-hmr?id=AsNomMQNvEsLRM3X8P8lj' failed: Error in connection establishment: net::ERR_CONNECTION_REFUSED @ http://localhost:3099/_next/static/chunks/0zf6_next_dist_client_0.nsb.-._.js:13299
